// Jest Snapshot v1, https://goo.gl/fbAQLP

exports[`Testa a apresentação ou não do 'splash' completo Apresenta o 'splash' 1`] = `
Object {
  Symbol(act-jest-snapshot-raw): undefined,
  Symbol(act-jest-snapshot-console): "L:[90m/====================v======================================================\\\\[39m
L:[90m| [1m    /////// //////[22m | [1mAC TOOLS[22m - Extensions for VS-Code and NodeJS   |[39m
L:[90m| [1m   //   // //     [22m | (C) 2020 Alan Candido (BRODAO) <brodao@gmail.com>    |[39m
L:[90m| [1m  /////// //      [22m |                                                      |[39m
L:[90m| [1m //   // //       [22m | Support tools for TOTVS developers         |[39m
L:[90m| [1m//   // //////    [22m | https://github.com/brodao/workspace/projects/AFPV    |[39m
L:[90m\\\\====================^======================================================/[39m
L:[90mtest_show_banner [99.99.99] Show Banner[39m
",
}
`;

exports[`Testa a apresentação ou não do 'splash' completo Apresenta um 'splash' simples de identificação 1`] = `
Object {
  Symbol(act-jest-snapshot-raw): undefined,
  Symbol(act-jest-snapshot-console): "L:[90m[1mAC TOOLS[22m - Extensions for VS-Code and NodeJS[39m
L:[90mSee https://github.com/brodao/workspace/projects/AFPV[39m
L:[90mtest_show_banner [99.99.99] Show Banner[39m
",
}
`;
