// Jest Snapshot v1, https://goo.gl/fbAQLP

exports[`Testa a apresentação ou não do 'splash' completo Apresenta o 'splash' 1`] = `
Object {
  Symbol(act-jest-snapshot-raw): undefined,
  Symbol(act-jest-snapshot-console): "",
}
`;

exports[`Testa a apresentação ou não do 'splash' completo Apresenta um 'splash' simples de identificação 1`] = `
Object {
  Symbol(act-jest-snapshot-raw): undefined,
  Symbol(act-jest-snapshot-console): "",
}
`;
